// Jest Snapshot v1, https://goo.gl/fbAQLP

exports[`测试parse转换的配置字段列表  1`] = `
Object {
  "enter": [Function],
}
`;
